2026-04-01T00:07:28.488+05:30  INFO 19808 --- [property-rental-service] [main] p.r.s.r.PropertyRentalServiceApplication : Starting PropertyRentalServiceApplication using Java 22.0.2 with PID 19808 (C:\RajKadam\property-rental\property-rental-service\application\target\classes started by rajka in C:\RajKadam\property-rental\property-rental-service)
2026-04-01T00:07:28.517+05:30  INFO 19808 --- [property-rental-service] [main] p.r.s.r.PropertyRentalServiceApplication : No active profile set, falling back to 1 default profile: "default"
2026-04-01T00:07:34.491+05:30  INFO 19808 --- [property-rental-service] [main] o.apache.catalina.core.StandardService   : Starting service [Tomcat]
2026-04-01T00:07:34.493+05:30  INFO 19808 --- [property-rental-service] [main] o.apache.catalina.core.StandardEngine    : Starting Servlet engine: [Apache Tomcat/10.1.26]
2026-04-01T00:07:34.865+05:30  INFO 19808 --- [property-rental-service] [main] o.a.c.c.C.[Tomcat].[localhost].[/]       : Initializing Spring embedded WebApplicationContext
2026-04-01T00:07:35.980+05:30  INFO 19808 --- [property-rental-service] [main] org.mongodb.driver.client                : MongoClient with metadata {"driver": {"name": "mongo-java-driver|sync|spring-boot", "version": "5.0.1"}, "os": {"type": "Windows", "name": "Windows 11", "architecture": "amd64", "version": "10.0"}, "platform": "Java/Oracle Corporation/22.0.2+9-70"} created with settings MongoClientSettings{readPreference=primary, writeConcern=WriteConcern{w=null, wTimeout=null ms, journal=null}, retryWrites=true, retryReads=true, readConcern=ReadConcern{level=null}, credential=null, transportSettings=null, commandListeners=[], codecRegistry=ProvidersCodecRegistry{codecProviders=[ValueCodecProvider{}, BsonValueCodecProvider{}, DBRefCodecProvider{}, DBObjectCodecProvider{}, DocumentCodecProvider{}, CollectionCodecProvider{}, IterableCodecProvider{}, MapCodecProvider{}, GeoJsonCodecProvider{}, GridFSFileCodecProvider{}, Jsr310CodecProvider{}, JsonObjectCodecProvider{}, BsonCodecProvider{}, EnumCodecProvider{}, com.mongodb.client.model.mql.ExpressionCodecProvider@62cbc478, com.mongodb.Jep395RecordCodecProvider@5438fa43, com.mongodb.KotlinCodecProvider@512abf25]}, loggerSettings=LoggerSettings{maxDocumentLength=1000}, clusterSettings={hosts=[localhost:27017], srvServiceName=mongodb, mode=SINGLE, requiredClusterType=UNKNOWN, requiredReplicaSetName='null', serverSelector='null', clusterListeners='[]', serverSelectionTimeout='30000 ms', localThreshold='15 ms'}, socketSettings=SocketSettings{connectTimeoutMS=10000, readTimeoutMS=0, receiveBufferSize=0, proxySettings=ProxySettings{host=null, port=null, username=null, password=null}}, heartbeatSocketSettings=SocketSettings{connectTimeoutMS=10000, readTimeoutMS=10000, receiveBufferSize=0, proxySettings=ProxySettings{host=null, port=null, username=null, password=null}}, connectionPoolSettings=ConnectionPoolSettings{maxSize=100, minSize=0, maxWaitTimeMS=120000, maxConnectionLifeTimeMS=0, maxConnectionIdleTimeMS=0, maintenanceInitialDelayMS=0, maintenanceFrequencyMS=60000, connectionPoolListeners=[], maxConnecting=2}, serverSettings=ServerSettings{heartbeatFrequencyMS=10000, minHeartbeatFrequencyMS=500, serverListeners='[]', serverMonitorListeners='[]'}, sslSettings=SslSettings{enabled=false, invalidHostNameAllowed=false, context=null}, applicationName='null', compressorList=[], uuidRepresentation=JAVA_LEGACY, serverApi=null, autoEncryptionSettings=null, dnsClient=null, inetAddressResolver=null, contextProvider=null}
2026-04-01T00:07:36.106+05:30  INFO 19808 --- [property-rental-service] [cluster-ClusterId{value='69cc146fb72aaf49086f0e5c', description='null'}-localhost:27017] org.mongodb.driver.cluster               : Monitor thread successfully connected to server with description ServerDescription{address=localhost:27017, type=STANDALONE, state=CONNECTED, ok=true, minWireVersion=0, maxWireVersion=21, maxDocumentSize=16777216, logicalSessionTimeoutMinutes=30, roundTripTimeNanos=122613600}
2026-04-01T00:07:42.430+05:30  INFO 19808 --- [property-rental-service] [main] p.r.s.r.PropertyRentalServiceApplication : Started PropertyRentalServiceApplication in 15.603 seconds (process running for 16.849)
2026-04-01T00:08:00.989+05:30  INFO 19808 --- [property-rental-service] [http-nio-8080-exec-1] o.a.c.c.C.[Tomcat].[localhost].[/]       : Initializing Spring DispatcherServlet 'dispatcherServlet'
2026-04-01T00:08:01.674+05:30  WARN 19808 --- [property-rental-service] [http-nio-8080-exec-6] .w.s.m.s.DefaultHandlerExceptionResolver : Resolved [org.springframework.web.context.request.async.AsyncRequestNotUsableException: ServletOutputStream failed to write: java.io.IOException: An established connection was aborted by the software in your host machine]
2026-04-01T00:08:01.674+05:30  WARN 19808 --- [property-rental-service] [http-nio-8080-exec-2] .w.s.m.s.DefaultHandlerExceptionResolver : Resolved [org.springframework.web.context.request.async.AsyncRequestNotUsableException: ServletOutputStream failed to write: java.io.IOException: An established connection was aborted by the software in your host machine]
2026-04-01T00:08:54.969+05:30  INFO 19808 --- [property-rental-service] [http-nio-8080-exec-10] c.p.r.s.c.s.UserAccountServiceImpl       : User registered successfully: kadamraj623@gmail.com
2026-04-01T00:09:01.866+05:30  INFO 19808 --- [property-rental-service] [http-nio-8080-exec-2] c.p.r.s.c.s.UserAccountServiceImpl       : Login attempt for email: kadamraj623@gmail.com
2026-04-01T00:09:01.928+05:30  INFO 19808 --- [property-rental-service] [http-nio-8080-exec-2] c.p.r.s.c.s.UserAccountServiceImpl       : Login successful for: kadamraj623@gmail.com
2026-04-01T00:09:57.830+05:30  INFO 19808 --- [property-rental-service] [http-nio-8080-exec-2] c.p.r.s.c.s.UserAccountServiceImpl       : Login attempt for email: kadamraj623@gmail.com
2026-04-01T00:09:57.891+05:30  INFO 19808 --- [property-rental-service] [http-nio-8080-exec-2] c.p.r.s.c.s.UserAccountServiceImpl       : Login successful for: kadamraj623@gmail.com
2026-04-01T00:11:42.183+05:30  INFO 19808 --- [property-rental-service] [http-nio-8080-exec-2] c.p.r.s.c.s.UserAccountServiceImpl       : User registered successfully: kadamraj623@gmail.com
2026-04-01T00:11:49.688+05:30  INFO 19808 --- [property-rental-service] [http-nio-8080-exec-4] c.p.r.s.c.s.UserAccountServiceImpl       : Login attempt for email: kadamraj623@gmail.com
2026-04-01T00:11:49.749+05:30  INFO 19808 --- [property-rental-service] [http-nio-8080-exec-4] c.p.r.s.c.s.UserAccountServiceImpl       : Login successful for: kadamraj623@gmail.com
2026-04-01T00:20:31.970+05:30  INFO 19808 --- [property-rental-service] [http-nio-8080-exec-2] c.p.r.s.c.s.UserAccountServiceImpl       : Login attempt for email: kadamraj623@gmail.com
2026-04-01T00:20:32.100+05:30  INFO 19808 --- [property-rental-service] [http-nio-8080-exec-2] c.p.r.s.c.s.UserAccountServiceImpl       : Login successful for: kadamraj623@gmail.com
2026-04-01T00:21:37.777+05:30  WARN 19808 --- [property-rental-service] [http-nio-8080-exec-4] .w.s.m.s.DefaultHandlerExceptionResolver : Resolved [org.springframework.web.context.request.async.AsyncRequestNotUsableException: ServletOutputStream failed to write: java.io.IOException: An established connection was aborted by the software in your host machine]
2026-04-01T00:47:07.878+05:30  WARN 19808 --- [property-rental-service] [http-nio-8080-exec-7] .w.s.m.s.DefaultHandlerExceptionResolver : Resolved [org.springframework.web.context.request.async.AsyncRequestNotUsableException: ServletOutputStream failed to write: java.io.IOException: An established connection was aborted by the software in your host machine]
2026-04-01T00:50:48.278+05:30  INFO 19808 --- [property-rental-service] [http-nio-8080-exec-4] c.p.r.s.c.s.UserAccountServiceImpl       : Login attempt for email: kadamraj623@gmail.com
2026-04-01T00:50:48.341+05:30  INFO 19808 --- [property-rental-service] [http-nio-8080-exec-4] c.p.r.s.c.s.UserAccountServiceImpl       : Login successful for: kadamraj623@gmail.com
2026-04-01T01:55:32.621+05:30  INFO 19808 --- [property-rental-service] [http-nio-8080-exec-6] c.p.r.s.c.s.UserAccountServiceImpl       : Login attempt for email: raj@gmail.com
2026-04-01T01:55:32.627+05:30  WARN 19808 --- [property-rental-service] [http-nio-8080-exec-6] o.s.s.c.bcrypt.BCryptPasswordEncoder     : Encoded password does not look like BCrypt
2026-04-01T01:55:32.627+05:30  WARN 19808 --- [property-rental-service] [http-nio-8080-exec-6] c.p.r.s.c.s.UserAccountServiceImpl       : Invalid password for: raj@gmail.com
2026-04-01T01:55:59.559+05:30  INFO 19808 --- [property-rental-service] [http-nio-8080-exec-10] c.p.r.s.c.s.UserAccountServiceImpl       : Login attempt for email: raj@gmail.com
2026-04-01T01:55:59.561+05:30  WARN 19808 --- [property-rental-service] [http-nio-8080-exec-10] o.s.s.c.bcrypt.BCryptPasswordEncoder     : Encoded password does not look like BCrypt
2026-04-01T01:55:59.561+05:30  WARN 19808 --- [property-rental-service] [http-nio-8080-exec-10] c.p.r.s.c.s.UserAccountServiceImpl       : Invalid password for: raj@gmail.com
2026-04-01T01:56:08.449+05:30  INFO 19808 --- [property-rental-service] [http-nio-8080-exec-5] c.p.r.s.c.s.UserAccountServiceImpl       : Login attempt for email: raj@gmail.com
2026-04-01T01:56:08.453+05:30  WARN 19808 --- [property-rental-service] [http-nio-8080-exec-5] o.s.s.c.bcrypt.BCryptPasswordEncoder     : Encoded password does not look like BCrypt
2026-04-01T01:56:08.453+05:30  WARN 19808 --- [property-rental-service] [http-nio-8080-exec-5] c.p.r.s.c.s.UserAccountServiceImpl       : Invalid password for: raj@gmail.com
2026-04-01T01:56:29.177+05:30  INFO 21080 --- [property-rental-service] [main] p.r.s.r.PropertyRentalServiceApplication : Starting PropertyRentalServiceApplication using Java 22.0.2 with PID 21080 (C:\RajKadam\property-rental\property-rental-service\application\target\classes started by rajka in C:\RajKadam\property-rental\property-rental-service)
2026-04-01T01:56:29.188+05:30  INFO 21080 --- [property-rental-service] [main] p.r.s.r.PropertyRentalServiceApplication : No active profile set, falling back to 1 default profile: "default"
2026-04-01T01:56:34.346+05:30  INFO 21080 --- [property-rental-service] [main] o.apache.catalina.core.StandardService   : Starting service [Tomcat]
2026-04-01T01:56:34.346+05:30  INFO 21080 --- [property-rental-service] [main] o.apache.catalina.core.StandardEngine    : Starting Servlet engine: [Apache Tomcat/10.1.26]
2026-04-01T01:56:34.684+05:30  INFO 21080 --- [property-rental-service] [main] o.a.c.c.C.[Tomcat].[localhost].[/]       : Initializing Spring embedded WebApplicationContext
2026-04-01T01:56:35.681+05:30  INFO 21080 --- [property-rental-service] [main] org.mongodb.driver.client                : MongoClient with metadata {"driver": {"name": "mongo-java-driver|sync|spring-boot", "version": "5.0.1"}, "os": {"type": "Windows", "name": "Windows 11", "architecture": "amd64", "version": "10.0"}, "platform": "Java/Oracle Corporation/22.0.2+9-70"} created with settings MongoClientSettings{readPreference=primary, writeConcern=WriteConcern{w=null, wTimeout=null ms, journal=null}, retryWrites=true, retryReads=true, readConcern=ReadConcern{level=null}, credential=null, transportSettings=null, commandListeners=[], codecRegistry=ProvidersCodecRegistry{codecProviders=[ValueCodecProvider{}, BsonValueCodecProvider{}, DBRefCodecProvider{}, DBObjectCodecProvider{}, DocumentCodecProvider{}, CollectionCodecProvider{}, IterableCodecProvider{}, MapCodecProvider{}, GeoJsonCodecProvider{}, GridFSFileCodecProvider{}, Jsr310CodecProvider{}, JsonObjectCodecProvider{}, BsonCodecProvider{}, EnumCodecProvider{}, com.mongodb.client.model.mql.ExpressionCodecProvider@257f30f7, com.mongodb.Jep395RecordCodecProvider@3fde2209, com.mongodb.KotlinCodecProvider@1f916219]}, loggerSettings=LoggerSettings{maxDocumentLength=1000}, clusterSettings={hosts=[localhost:27017], srvServiceName=mongodb, mode=SINGLE, requiredClusterType=UNKNOWN, requiredReplicaSetName='null', serverSelector='null', clusterListeners='[]', serverSelectionTimeout='30000 ms', localThreshold='15 ms'}, socketSettings=SocketSettings{connectTimeoutMS=10000, readTimeoutMS=0, receiveBufferSize=0, proxySettings=ProxySettings{host=null, port=null, username=null, password=null}}, heartbeatSocketSettings=SocketSettings{connectTimeoutMS=10000, readTimeoutMS=10000, receiveBufferSize=0, proxySettings=ProxySettings{host=null, port=null, username=null, password=null}}, connectionPoolSettings=ConnectionPoolSettings{maxSize=100, minSize=0, maxWaitTimeMS=120000, maxConnectionLifeTimeMS=0, maxConnectionIdleTimeMS=0, maintenanceInitialDelayMS=0, maintenanceFrequencyMS=60000, connectionPoolListeners=[], maxConnecting=2}, serverSettings=ServerSettings{heartbeatFrequencyMS=10000, minHeartbeatFrequencyMS=500, serverListeners='[]', serverMonitorListeners='[]'}, sslSettings=SslSettings{enabled=false, invalidHostNameAllowed=false, context=null}, applicationName='null', compressorList=[], uuidRepresentation=JAVA_LEGACY, serverApi=null, autoEncryptionSettings=null, dnsClient=null, inetAddressResolver=null, contextProvider=null}
2026-04-01T01:56:35.778+05:30  INFO 21080 --- [property-rental-service] [cluster-ClusterId{value='69cc2dfbc7936a43cc621d75', description='null'}-localhost:27017] org.mongodb.driver.cluster               : Monitor thread successfully connected to server with description ServerDescription{address=localhost:27017, type=STANDALONE, state=CONNECTED, ok=true, minWireVersion=0, maxWireVersion=21, maxDocumentSize=16777216, logicalSessionTimeoutMinutes=30, roundTripTimeNanos=92205600}
2026-04-01T01:56:40.537+05:30  INFO 21080 --- [property-rental-service] [main] p.r.s.r.PropertyRentalServiceApplication : Started PropertyRentalServiceApplication in 13.708 seconds (process running for 15.147)
2026-04-01T01:56:49.898+05:30  INFO 21080 --- [property-rental-service] [http-nio-8080-exec-1] o.a.c.c.C.[Tomcat].[localhost].[/]       : Initializing Spring DispatcherServlet 'dispatcherServlet'
2026-04-01T01:56:50.038+05:30  INFO 21080 --- [property-rental-service] [http-nio-8080-exec-2] c.p.r.s.c.s.UserAccountServiceImpl       : Login attempt for email: raj@gmail.com
2026-04-01T01:56:50.168+05:30  WARN 21080 --- [property-rental-service] [http-nio-8080-exec-2] o.s.s.c.bcrypt.BCryptPasswordEncoder     : Encoded password does not look like BCrypt
2026-04-01T01:56:50.168+05:30  WARN 21080 --- [property-rental-service] [http-nio-8080-exec-2] c.p.r.s.c.s.UserAccountServiceImpl       : Invalid password for: raj@gmail.com
2026-04-01T01:57:43.872+05:30  INFO 21080 --- [property-rental-service] [http-nio-8080-exec-5] c.p.r.s.c.s.UserAccountServiceImpl       : Login attempt for email: raj@gmail.com
2026-04-01T01:57:43.876+05:30  WARN 21080 --- [property-rental-service] [http-nio-8080-exec-5] o.s.s.c.bcrypt.BCryptPasswordEncoder     : Encoded password does not look like BCrypt
2026-04-01T01:57:43.876+05:30  WARN 21080 --- [property-rental-service] [http-nio-8080-exec-5] c.p.r.s.c.s.UserAccountServiceImpl       : Invalid password for: raj@gmail.com
2026-04-01T01:58:44.449+05:30  INFO 21080 --- [property-rental-service] [http-nio-8080-exec-4] c.p.r.s.c.s.UserAccountServiceImpl       : Login attempt for email: kadamraj623@gmail.com
2026-04-01T01:58:44.520+05:30  WARN 21080 --- [property-rental-service] [http-nio-8080-exec-4] c.p.r.s.c.s.UserAccountServiceImpl       : Invalid password for: kadamraj623@gmail.com
2026-04-01T01:58:50.635+05:30  INFO 21080 --- [property-rental-service] [http-nio-8080-exec-8] c.p.r.s.c.s.UserAccountServiceImpl       : Login attempt for email: kadamraj623@gmail.com
2026-04-01T01:58:50.697+05:30  INFO 21080 --- [property-rental-service] [http-nio-8080-exec-8] c.p.r.s.c.s.UserAccountServiceImpl       : Login successful for: kadamraj623@gmail.com
